<html>
<body>
<pre>
<h1>µVision Build Log</h1>
<h2>Tool Versions:</h2>
IDE-Version: µVision V5.24.2.0
Copyright (C) 2017 ARM Ltd and ARM Germany GmbH. All rights reserved.
License Information: SCSE d, NTU, LIC=----
 
Tool Versions:
Toolchain:       MDK-Lite  Version: 5.24.1
Toolchain Path:  C:\Keil_v5\ARM\ARMCC\Bin
C Compiler:      Armcc.exe V5.06 update 5 (build 528)
Assembler:       Armasm.exe V5.06 update 5 (build 528)
Linker/Locator:  ArmLink.exe V5.06 update 5 (build 528)
Library Manager: ArmAr.exe V5.06 update 5 (build 528)
Hex Converter:   FromElf.exe V5.06 update 5 (build 528)
CPU DLL:         SARMCM3.DLL V5.24.1
Dialog DLL:      DCM.DLL V1.16.0.0
Target DLL:      UL2CM3.DLL V1.160.3.0
Dialog DLL:      TCM.DLL V1.32.0.0
 
<h2>Project:</h2>
Y:\CE3103\lab1\lab_1\lab1.uvproj
Project File Date:  02/16/2022

<h2>Output:</h2>
*** Using Compiler 'V5.06 update 5 (build 528)', folder: 'C:\Keil_v5\ARM\ARMCC\Bin'
Build target 'helloWorld'
compiling system.c...
..\lab_1\button.h(17): warning:  #1-D: last line of file ends without a newline
  #endif
SYSTEM\SYSTEM\system.c: 1 warning, 0 errors
compiling main.c...
..\lab_1\button.h(17): warning:  #1-D: last line of file ends without a newline
  #endif
main.c(67): warning:  #223-D: function "show_rec" declared implicitly
  	show_rec(rxbuf);
main.c(69): warning:  #1-D: last line of file ends without a newline
  }
main.c(54): warning:  #177-D: variable "Count"  was declared but never referenced
  	static u8 Count=0, i=0;
main.c: 4 warnings, 0 errors
compiling button.c...
..\lab_1\button.h(17): warning:  #1-D: last line of file ends without a newline
  #endif
playSong.c(93): warning:  #1-D: last line of file ends without a newline
  }
button.c(28): warning:  #1-D: last line of file ends without a newline
  }  
button.c: 3 warnings, 0 errors
compiling show.c...
..\lab_1\button.h(17): warning:  #1-D: last line of file ends without a newline
  #endif
SYSTEM\show\show.c: 1 warning, 0 errors
compiling UART.c...
..\lab_1\button.h(17): warning:  #1-D: last line of file ends without a newline
  #endif
UART.c: 1 warning, 0 errors
compiling playSong.c...
..\lab_1\button.h(17): warning:  #1-D: last line of file ends without a newline
  #endif
playSong.c(93): warning:  #1-D: last line of file ends without a newline
  }
playSong.c(70): warning:  #177-D: function "playSong"  was declared but never referenced
  static void playSong(uint8_t *song) {
playSong.c: 3 warnings, 0 errors
compiling oled.c...
..\lab_1\button.h(17): warning:  #1-D: last line of file ends without a newline
  #endif
HARDWARE\OLED\oled.c: 1 warning, 0 errors
compiling LED.C...
..\lab_1\button.h(17): warning:  #1-D: last line of file ends without a newline
  #endif
HARDWARE\LED\LED.C: 1 warning, 0 errors
compiling BUZZER.c...
..\lab_1\button.h(17): warning:  #1-D: last line of file ends without a newline
  #endif
BUZZER.c: 1 warning, 0 errors
linking...
Program Size: Code=15070 RO-data=3106 RW-data=252 ZI-data=23996  
FromELF: creating hex file...
".\Objects\lab1.axf" - 0 Error(s), 16 Warning(s).
Build Time Elapsed:  00:00:06
</pre>
</body>
</html>
